[Dataset] train: 400 matched pairs
[Dataset] val: 50 matched pairs
[Stage1-Dehaze-ASM] Training sots_indoor | epochs=1000 | lambda_dehaze=3.0 | lambda_hazy=0.0 | lambda_clean=0.4 | lambda_cross=1.2 | lambda_z=0.03 | lambda_cee=0.0 | lambda_asm=0.02
[S1-Dehaze-ASM][0001/1000] lr=1.00e-04 train_loss=2.1921 dehaze=0.4770 hazy=0.5311 clean=0.4743 cross=0.4738 z=0.03124 cee=0.03777 asm=0.08841 train_psnr=12.211 train_ssim=0.4181 | val_dehaze=14.507/0.4047 val_score=18.554 val_clean=14.683/0.4068 val_cross=14.604/0.4059 val_hazy_diag=10.531/0.4217 val_z=0.04620 val_cee=0.04110 val_asm=0.06910
Saved best Stage1-Dehaze-ASM checkpoint (score=18.554, PSNR=14.507, SSIM=0.4047)
[S1-Dehaze-ASM][0025/1000] lr=9.99e-05 train_loss=0.9061 dehaze=0.1988 hazy=0.4641 clean=0.1915 cross=0.1919 z=0.05502 cee=0.04461 asm=0.06049 train_psnr=20.983 train_ssim=0.7157 | val_dehaze=18.209/0.6457 val_score=24.666 val_clean=19.572/0.6736 val_cross=19.620/0.6723 val_hazy_diag=10.824/0.5407 val_z=0.06051 val_cee=0.04762 val_asm=0.05800
Saved best Stage1-Dehaze-ASM checkpoint (score=24.666, PSNR=18.209, SSIM=0.6457)
[S1-Dehaze-ASM][0050/1000] lr=9.94e-05 train_loss=0.7311 dehaze=0.1603 hazy=0.4504 clean=0.1543 cross=0.1550 z=0.04478 cee=0.04587 asm=0.05868 train_psnr=22.634 train_ssim=0.7743 | val_dehaze=19.893/0.7134 val_score=27.027 val_clean=21.135/0.7391 val_cross=21.137/0.7326 val_hazy_diag=11.656/0.5882 val_z=0.05281 val_cee=0.04846 val_asm=0.06339
Saved best Stage1-Dehaze-ASM checkpoint (score=27.027, PSNR=19.893, SSIM=0.7134)
[S1-Dehaze-ASM][0075/1000] lr=9.87e-05 train_loss=0.6366 dehaze=0.1398 hazy=0.4547 clean=0.1336 cross=0.1344 z=0.04197 cee=0.04817 asm=0.05674 train_psnr=24.260 train_ssim=0.7966 | val_dehaze=21.647/0.7517 val_score=29.163 val_clean=22.751/0.7733 val_cross=22.838/0.7690 val_hazy_diag=11.801/0.6056 val_z=0.04555 val_cee=0.04991 val_asm=0.06201
Saved best Stage1-Dehaze-ASM checkpoint (score=29.163, PSNR=21.647, SSIM=0.7517)
[S1-Dehaze-ASM][0100/1000] lr=9.77e-05 train_loss=0.5833 dehaze=0.1281 hazy=0.4480 clean=0.1224 cross=0.1231 z=0.03900 cee=0.04999 asm=0.05607 train_psnr=25.144 train_ssim=0.8141 | val_dehaze=21.693/0.7656 val_score=29.349 val_clean=22.808/0.7844 val_cross=22.915/0.7815 val_hazy_diag=11.754/0.6152 val_z=0.04320 val_cee=0.05201 val_asm=0.06058
Saved best Stage1-Dehaze-ASM checkpoint (score=29.349, PSNR=21.693, SSIM=0.7656)
[S1-Dehaze-ASM][0125/1000] lr=9.64e-05 train_loss=0.5372 dehaze=0.1179 hazy=0.4425 clean=0.1129 cross=0.1135 z=0.03796 cee=0.05085 asm=0.05434 train_psnr=25.673 train_ssim=0.8305 | val_dehaze=22.667/0.7867 val_score=30.533 val_clean=23.855/0.8034 val_cross=23.893/0.8012 val_hazy_diag=12.131/0.6426 val_z=0.04254 val_cee=0.05281 val_asm=0.06375
Saved best Stage1-Dehaze-ASM checkpoint (score=30.533, PSNR=22.667, SSIM=0.7867)
[S1-Dehaze-ASM][0150/1000] lr=9.48e-05 train_loss=0.5068 dehaze=0.1112 hazy=0.4380 clean=0.1064 cross=0.1070 z=0.03605 cee=0.05140 asm=0.05448 train_psnr=26.212 train_ssim=0.8403 | val_dehaze=22.494/0.7992 val_score=30.485 val_clean=24.388/0.8201 val_cross=24.378/0.8170 val_hazy_diag=11.251/0.6123 val_z=0.04233 val_cee=0.05325 val_asm=0.05337
[S1-Dehaze-ASM][0175/1000] lr=9.30e-05 train_loss=0.4921 dehaze=0.1080 hazy=0.4409 clean=0.1032 cross=0.1039 z=0.03610 cee=0.05187 asm=0.05491 train_psnr=26.478 train_ssim=0.8450 | val_dehaze=22.715/0.8087 val_score=30.803 val_clean=24.403/0.8283 val_cross=24.506/0.8254 val_hazy_diag=11.341/0.6134 val_z=0.04204 val_cee=0.05376 val_asm=0.05531
Saved best Stage1-Dehaze-ASM checkpoint (score=30.803, PSNR=22.715, SSIM=0.8087)
[S1-Dehaze-ASM][0200/1000] lr=9.09e-05 train_loss=0.4631 dehaze=0.1017 hazy=0.4490 clean=0.0969 cross=0.0976 z=0.03568 cee=0.05292 asm=0.05403 train_psnr=26.995 train_ssim=0.8538 | val_dehaze=22.732/0.8052 val_score=30.783 val_clean=24.465/0.8233 val_cross=24.358/0.8191 val_hazy_diag=11.388/0.6178 val_z=0.04069 val_cee=0.05372 val_asm=0.05507
[S1-Dehaze-ASM][0225/1000] lr=8.86e-05 train_loss=0.4521 dehaze=0.0992 hazy=0.4334 clean=0.0950 cross=0.0954 z=0.03442 cee=0.05152 asm=0.05471 train_psnr=27.115 train_ssim=0.8580 | val_dehaze=22.790/0.8149 val_score=30.939 val_clean=24.619/0.8344 val_cross=24.367/0.8304 val_hazy_diag=11.692/0.6216 val_z=0.04140 val_cee=0.05411 val_asm=0.05965
Saved best Stage1-Dehaze-ASM checkpoint (score=30.939, PSNR=22.790, SSIM=0.8149)
[S1-Dehaze-ASM][0250/1000] lr=8.61e-05 train_loss=0.4379 dehaze=0.0961 hazy=0.4330 clean=0.0918 cross=0.0923 z=0.03378 cee=0.05121 asm=0.05451 train_psnr=27.429 train_ssim=0.8621 | val_dehaze=23.261/0.8186 val_score=31.447 val_clean=25.049/0.8394 val_cross=24.953/0.8355 val_hazy_diag=11.668/0.6414 val_z=0.03963 val_cee=0.05330 val_asm=0.05796
Saved best Stage1-Dehaze-ASM checkpoint (score=31.447, PSNR=23.261, SSIM=0.8186)
[S1-Dehaze-ASM][0275/1000] lr=8.33e-05 train_loss=0.4322 dehaze=0.0948 hazy=0.4386 clean=0.0906 cross=0.0912 z=0.03323 cee=0.05157 asm=0.05374 train_psnr=27.534 train_ssim=0.8645 | val_dehaze=23.089/0.8234 val_score=31.323 val_clean=25.036/0.8440 val_cross=24.952/0.8409 val_hazy_diag=12.008/0.6453 val_z=0.03894 val_cee=0.05329 val_asm=0.06219
[S1-Dehaze-ASM][0300/1000] lr=8.04e-05 train_loss=0.4216 dehaze=0.0925 hazy=0.4350 clean=0.0883 cross=0.0888 z=0.03228 cee=0.05074 asm=0.05426 train_psnr=27.773 train_ssim=0.8675 | val_dehaze=23.209/0.8250 val_score=31.459 val_clean=25.542/0.8468 val_cross=25.425/0.8442 val_hazy_diag=11.825/0.6378 val_z=0.03856 val_cee=0.05267 val_asm=0.05919
Saved best Stage1-Dehaze-ASM checkpoint (score=31.459, PSNR=23.209, SSIM=0.8250)
[S1-Dehaze-ASM][0325/1000] lr=7.73e-05 train_loss=0.4106 dehaze=0.0901 hazy=0.4408 clean=0.0861 cross=0.0866 z=0.03209 cee=0.05139 asm=0.05406 train_psnr=28.001 train_ssim=0.8716 | val_dehaze=23.416/0.8369 val_score=31.785 val_clean=25.675/0.8576 val_cross=25.690/0.8553 val_hazy_diag=11.854/0.6447 val_z=0.03778 val_cee=0.05266 val_asm=0.05990
Saved best Stage1-Dehaze-ASM checkpoint (score=31.785, PSNR=23.416, SSIM=0.8369)
[S1-Dehaze-ASM][0350/1000] lr=7.41e-05 train_loss=0.4034 dehaze=0.0885 hazy=0.4338 clean=0.0846 cross=0.0851 z=0.03167 cee=0.05050 asm=0.05388 train_psnr=28.211 train_ssim=0.8735 | val_dehaze=23.317/0.8322 val_score=31.639 val_clean=25.098/0.8523 val_cross=24.894/0.8472 val_hazy_diag=12.442/0.6779 val_z=0.03787 val_cee=0.05240 val_asm=0.06658
[S1-Dehaze-ASM][0375/1000] lr=7.07e-05 train_loss=0.4042 dehaze=0.0887 hazy=0.4360 clean=0.0847 cross=0.0852 z=0.03090 cee=0.05081 asm=0.05525 train_psnr=28.103 train_ssim=0.8745 | val_dehaze=23.207/0.8347 val_score=31.554 val_clean=25.621/0.8568 val_cross=25.347/0.8533 val_hazy_diag=11.916/0.6404 val_z=0.03723 val_cee=0.05260 val_asm=0.06067
[S1-Dehaze-ASM][0400/1000] lr=6.72e-05 train_loss=0.3886 dehaze=0.0853 hazy=0.4380 clean=0.0814 cross=0.0818 z=0.03047 cee=0.05008 asm=0.05434 train_psnr=28.482 train_ssim=0.8789 | val_dehaze=23.729/0.8432 val_score=32.161 val_clean=25.933/0.8630 val_cross=25.716/0.8589 val_hazy_diag=11.665/0.6362 val_z=0.03675 val_cee=0.05163 val_asm=0.05819
Saved best Stage1-Dehaze-ASM checkpoint (score=32.161, PSNR=23.729, SSIM=0.8432)
[S1-Dehaze-ASM][0425/1000] lr=6.36e-05 train_loss=0.3837 dehaze=0.0842 hazy=0.4338 clean=0.0805 cross=0.0809 z=0.02984 cee=0.04987 asm=0.05316 train_psnr=28.627 train_ssim=0.8792 | val_dehaze=23.644/0.8417 val_score=32.061 val_clean=26.125/0.8645 val_cross=25.940/0.8600 val_hazy_diag=11.786/0.6444 val_z=0.03547 val_cee=0.05116 val_asm=0.05879
[S1-Dehaze-ASM][0450/1000] lr=5.99e-05 train_loss=0.3789 dehaze=0.0831 hazy=0.4331 clean=0.0795 cross=0.0798 z=0.02915 cee=0.04896 asm=0.05432 train_psnr=28.685 train_ssim=0.8815 | val_dehaze=23.749/0.8460 val_score=32.209 val_clean=26.198/0.8672 val_cross=25.943/0.8628 val_hazy_diag=11.956/0.6595 val_z=0.03507 val_cee=0.05059 val_asm=0.06085
Saved best Stage1-Dehaze-ASM checkpoint (score=32.209, PSNR=23.749, SSIM=0.8460)
[S1-Dehaze-ASM][0475/1000] lr=5.62e-05 train_loss=0.3681 dehaze=0.0808 hazy=0.4349 clean=0.0771 cross=0.0775 z=0.02886 cee=0.04905 asm=0.05355 train_psnr=28.893 train_ssim=0.8846 | val_dehaze=23.982/0.8501 val_score=32.483 val_clean=26.212/0.8684 val_cross=26.151/0.8657 val_hazy_diag=11.459/0.6375 val_z=0.03459 val_cee=0.05034 val_asm=0.05482
Saved best Stage1-Dehaze-ASM checkpoint (score=32.483, PSNR=23.982, SSIM=0.8501)
[S1-Dehaze-ASM][0500/1000] lr=5.25e-05 train_loss=0.3630 dehaze=0.0795 hazy=0.4277 clean=0.0763 cross=0.0766 z=0.02802 cee=0.04810 asm=0.05349 train_psnr=29.087 train_ssim=0.8864 | val_dehaze=23.993/0.8509 val_score=32.501 val_clean=26.332/0.8700 val_cross=26.287/0.8673 val_hazy_diag=11.496/0.6336 val_z=0.03325 val_cee=0.05023 val_asm=0.05526
Saved best Stage1-Dehaze-ASM checkpoint (score=32.501, PSNR=23.993, SSIM=0.8509)
[S1-Dehaze-ASM][0525/1000] lr=4.88e-05 train_loss=0.3606 dehaze=0.0791 hazy=0.4343 clean=0.0755 cross=0.0759 z=0.02811 cee=0.04844 asm=0.05342 train_psnr=29.079 train_ssim=0.8871 | val_dehaze=24.135/0.8537 val_score=32.672 val_clean=26.408/0.8724 val_cross=26.274/0.8696 val_hazy_diag=11.678/0.6509 val_z=0.03348 val_cee=0.04988 val_asm=0.05691
Saved best Stage1-Dehaze-ASM checkpoint (score=32.672, PSNR=24.135, SSIM=0.8537)
[S1-Dehaze-ASM][0550/1000] lr=4.51e-05 train_loss=0.3538 dehaze=0.0776 hazy=0.4310 clean=0.0742 cross=0.0746 z=0.02747 cee=0.04715 asm=0.05372 train_psnr=29.236 train_ssim=0.8893 | val_dehaze=24.219/0.8525 val_score=32.744 val_clean=26.412/0.8708 val_cross=26.362/0.8676 val_hazy_diag=11.985/0.6587 val_z=0.03315 val_cee=0.04902 val_asm=0.06088
Saved best Stage1-Dehaze-ASM checkpoint (score=32.744, PSNR=24.219, SSIM=0.8525)
[S1-Dehaze-ASM][0575/1000] lr=4.14e-05 train_loss=0.3505 dehaze=0.0768 hazy=0.4327 clean=0.0736 cross=0.0739 z=0.02722 cee=0.04770 asm=0.05325 train_psnr=29.315 train_ssim=0.8905 | val_dehaze=24.010/0.8525 val_score=32.535 val_clean=26.539/0.8717 val_cross=26.350/0.8682 val_hazy_diag=11.924/0.6532 val_z=0.03197 val_cee=0.04889 val_asm=0.06040
[S1-Dehaze-ASM][0600/1000] lr=3.78e-05 train_loss=0.3512 dehaze=0.0770 hazy=0.4319 clean=0.0736 cross=0.0740 z=0.02659 cee=0.04667 asm=0.05434 train_psnr=29.315 train_ssim=0.8902 | val_dehaze=24.171/0.8553 val_score=32.723 val_clean=26.723/0.8740 val_cross=26.613/0.8710 val_hazy_diag=11.785/0.6497 val_z=0.03223 val_cee=0.04824 val_asm=0.05857
[S1-Dehaze-ASM][0625/1000] lr=3.43e-05 train_loss=0.3511 dehaze=0.0769 hazy=0.4302 clean=0.0738 cross=0.0741 z=0.02602 cee=0.04595 asm=0.05376 train_psnr=29.339 train_ssim=0.8899 | val_dehaze=24.067/0.8519 val_score=32.586 val_clean=26.567/0.8721 val_cross=26.428/0.8685 val_hazy_diag=11.685/0.6495 val_z=0.03102 val_cee=0.04798 val_asm=0.05695
[S1-Dehaze-ASM][0650/1000] lr=3.09e-05 train_loss=0.3457 dehaze=0.0758 hazy=0.4300 clean=0.0726 cross=0.0729 z=0.02543 cee=0.04539 asm=0.05378 train_psnr=29.494 train_ssim=0.8914 | val_dehaze=24.231/0.8558 val_score=32.789 val_clean=26.561/0.8747 val_cross=26.486/0.8721 val_hazy_diag=11.641/0.6446 val_z=0.03050 val_cee=0.04748 val_asm=0.05673
Saved best Stage1-Dehaze-ASM checkpoint (score=32.789, PSNR=24.231, SSIM=0.8558)
[S1-Dehaze-ASM][0675/1000] lr=2.77e-05 train_loss=0.3437 dehaze=0.0754 hazy=0.4345 clean=0.0721 cross=0.0724 z=0.02534 cee=0.04524 asm=0.05231 train_psnr=29.624 train_ssim=0.8916 | val_dehaze=24.302/0.8582 val_score=32.884 val_clean=26.806/0.8765 val_cross=26.666/0.8733 val_hazy_diag=11.737/0.6506 val_z=0.03033 val_cee=0.04690 val_asm=0.05790
Saved best Stage1-Dehaze-ASM checkpoint (score=32.884, PSNR=24.302, SSIM=0.8582)
[S1-Dehaze-ASM][0700/1000] lr=2.46e-05 train_loss=0.3436 dehaze=0.0753 hazy=0.4309 clean=0.0722 cross=0.0725 z=0.02483 cee=0.04448 asm=0.05367 train_psnr=29.528 train_ssim=0.8922 | val_dehaze=24.315/0.8585 val_score=32.900 val_clean=26.913/0.8776 val_cross=26.790/0.8747 val_hazy_diag=11.699/0.6478 val_z=0.02976 val_cee=0.04654 val_asm=0.05741
Saved best Stage1-Dehaze-ASM checkpoint (score=32.900, PSNR=24.315, SSIM=0.8585)
[S1-Dehaze-ASM][0725/1000] lr=2.17e-05 train_loss=0.3318 dehaze=0.0727 hazy=0.4296 clean=0.0697 cross=0.0699 z=0.02468 cee=0.04448 asm=0.05361 train_psnr=29.813 train_ssim=0.8961 | val_dehaze=24.474/0.8603 val_score=33.077 val_clean=26.863/0.8782 val_cross=26.784/0.8756 val_hazy_diag=11.701/0.6499 val_z=0.02934 val_cee=0.04616 val_asm=0.05765
Saved best Stage1-Dehaze-ASM checkpoint (score=33.077, PSNR=24.474, SSIM=0.8603)
[S1-Dehaze-ASM][0750/1000] lr=1.89e-05 train_loss=0.3363 dehaze=0.0737 hazy=0.4330 clean=0.0706 cross=0.0709 z=0.02459 cee=0.04452 asm=0.05301 train_psnr=29.696 train_ssim=0.8944 | val_dehaze=24.449/0.8591 val_score=33.040 val_clean=26.995/0.8779 val_cross=26.882/0.8751 val_hazy_diag=11.783/0.6538 val_z=0.02904 val_cee=0.04579 val_asm=0.05815
[S1-Dehaze-ASM][0775/1000] lr=1.64e-05 train_loss=0.3289 dehaze=0.0721 hazy=0.4348 clean=0.0691 cross=0.0694 z=0.02414 cee=0.04394 asm=0.05376 train_psnr=29.848 train_ssim=0.8966 | val_dehaze=24.425/0.8604 val_score=33.028 val_clean=26.994/0.8797 val_cross=26.824/0.8766 val_hazy_diag=11.842/0.6583 val_z=0.02862 val_cee=0.04543 val_asm=0.05898
[S1-Dehaze-ASM][0800/1000] lr=1.41e-05 train_loss=0.3361 dehaze=0.0737 hazy=0.4244 clean=0.0706 cross=0.0709 z=0.02383 cee=0.04308 asm=0.05435 train_psnr=29.651 train_ssim=0.8952 | val_dehaze=24.292/0.8599 val_score=32.892 val_clean=26.972/0.8794 val_cross=26.801/0.8764 val_hazy_diag=11.656/0.6479 val_z=0.02827 val_cee=0.04513 val_asm=0.05669
[S1-Dehaze-ASM][0825/1000] lr=1.20e-05 train_loss=0.3339 dehaze=0.0732 hazy=0.4438 clean=0.0700 cross=0.0704 z=0.02400 cee=0.04392 asm=0.05344 train_psnr=29.814 train_ssim=0.8946 | val_dehaze=24.396/0.8604 val_score=33.001 val_clean=26.979/0.8789 val_cross=26.841/0.8761 val_hazy_diag=11.673/0.6478 val_z=0.02806 val_cee=0.04478 val_asm=0.05705
[S1-Dehaze-ASM][0850/1000] lr=1.02e-05 train_loss=0.3269 dehaze=0.0716 hazy=0.4328 clean=0.0687 cross=0.0689 z=0.02360 cee=0.04323 asm=0.05394 train_psnr=29.938 train_ssim=0.8976 | val_dehaze=24.491/0.8614 val_score=33.105 val_clean=27.059/0.8799 val_cross=26.932/0.8773 val_hazy_diag=11.675/0.6525 val_z=0.02782 val_cee=0.04452 val_asm=0.05680
Saved best Stage1-Dehaze-ASM checkpoint (score=33.105, PSNR=24.491, SSIM=0.8614)
[S1-Dehaze-ASM][0875/1000] lr=8.62e-06 train_loss=0.3311 dehaze=0.0726 hazy=0.4307 clean=0.0696 cross=0.0698 z=0.02339 cee=0.04249 asm=0.05336 train_psnr=29.858 train_ssim=0.8956 | val_dehaze=24.509/0.8622 val_score=33.132 val_clean=27.007/0.8803 val_cross=26.910/0.8781 val_hazy_diag=11.837/0.6537 val_z=0.02762 val_cee=0.04425 val_asm=0.05886
Saved best Stage1-Dehaze-ASM checkpoint (score=33.132, PSNR=24.509, SSIM=0.8622)
[S1-Dehaze-ASM][0900/1000] lr=7.32e-06 train_loss=0.3278 dehaze=0.0718 hazy=0.4321 clean=0.0690 cross=0.0692 z=0.02307 cee=0.04233 asm=0.05354 train_psnr=29.993 train_ssim=0.8967 | val_dehaze=24.508/0.8622 val_score=33.130 val_clean=27.081/0.8808 val_cross=26.960/0.8781 val_hazy_diag=11.750/0.6529 val_z=0.02744 val_cee=0.04400 val_asm=0.05782
[S1-Dehaze-ASM][0925/1000] lr=6.31e-06 train_loss=0.3301 dehaze=0.0723 hazy=0.4279 clean=0.0695 cross=0.0697 z=0.02290 cee=0.04192 asm=0.05398 train_psnr=29.796 train_ssim=0.8963 | val_dehaze=24.482/0.8628 val_score=33.110 val_clean=27.112/0.8813 val_cross=27.004/0.8788 val_hazy_diag=11.697/0.6520 val_z=0.02730 val_cee=0.04389 val_asm=0.05721
[S1-Dehaze-ASM][0950/1000] lr=5.58e-06 train_loss=0.3291 dehaze=0.0721 hazy=0.4373 clean=0.0691 cross=0.0695 z=0.02307 cee=0.04247 asm=0.05360 train_psnr=29.961 train_ssim=0.8959 | val_dehaze=24.528/0.8630 val_score=33.158 val_clean=27.154/0.8815 val_cross=27.025/0.8789 val_hazy_diag=11.659/0.6519 val_z=0.02715 val_cee=0.04377 val_asm=0.05663
Saved best Stage1-Dehaze-ASM checkpoint (score=33.158, PSNR=24.528, SSIM=0.8630)
[S1-Dehaze-ASM][0975/1000] lr=5.15e-06 train_loss=0.3306 dehaze=0.0724 hazy=0.4269 clean=0.0695 cross=0.0698 z=0.02260 cee=0.04154 asm=0.05360 train_psnr=29.829 train_ssim=0.8959 | val_dehaze=24.641/0.8640 val_score=33.281 val_clean=27.176/0.8819 val_cross=27.046/0.8794 val_hazy_diag=11.856/0.6577 val_z=0.02703 val_cee=0.04363 val_asm=0.05888
Saved best Stage1-Dehaze-ASM checkpoint (score=33.281, PSNR=24.641, SSIM=0.8640)
[S1-Dehaze-ASM][1000/1000] lr=5.00e-06 train_loss=0.3255 dehaze=0.0713 hazy=0.4330 clean=0.0684 cross=0.0686 z=0.02272 cee=0.04195 asm=0.05465 train_psnr=30.009 train_ssim=0.8973 | val_dehaze=24.604/0.8638 val_score=33.242 val_clean=27.171/0.8820 val_cross=27.051/0.8796 val_hazy_diag=11.714/0.6538 val_z=0.02688 val_cee=0.04347 val_asm=0.05730
Best Stage1-Dehaze-ASM: score=33.281, PSNR=24.641, SSIM=0.8640
