[Dataset] train: 41 matched pairs
[Dataset] val: 5 matched pairs
[Stage1-Dehaze-ASM] Training sots_outdoor | epochs=1000 | lambda_dehaze=3.0 | lambda_hazy=0.0 | lambda_clean=0.4 | lambda_cross=1.2 | lambda_z=0.03 | lambda_cee=0.0 | lambda_asm=0.02
[S1-Dehaze-ASM][0001/1000] lr=1.00e-04 train_loss=2.6008 dehaze=0.5645 hazy=0.3993 clean=0.5645 cross=0.5645 z=0.03066 cee=0.04068 asm=0.15729 train_psnr=10.598 train_ssim=0.3853 | val_dehaze=11.536/0.3791 val_score=15.327 val_clean=11.536/0.3791 val_cross=11.536/0.3791 val_hazy_diag=13.331/0.5547 val_z=0.02672 val_cee=0.04150 val_asm=0.13649
Saved best Stage1-Dehaze-ASM checkpoint (score=15.327, PSNR=11.536, SSIM=0.3791)
[S1-Dehaze-ASM][0025/1000] lr=9.99e-05 train_loss=1.6927 dehaze=0.3682 hazy=0.4130 clean=0.3655 cross=0.3653 z=0.06622 cee=0.04383 asm=0.07967 train_psnr=16.207 train_ssim=0.4775 | val_dehaze=16.095/0.4385 val_score=20.480 val_clean=16.165/0.4405 val_cross=16.201/0.4403 val_hazy_diag=12.264/0.4826 val_z=0.06957 val_cee=0.04463 val_asm=0.07091
Saved best Stage1-Dehaze-ASM checkpoint (score=20.480, PSNR=16.095, SSIM=0.4385)
[S1-Dehaze-ASM][0050/1000] lr=9.94e-05 train_loss=1.5480 dehaze=0.3355 hazy=0.4005 clean=0.3364 cross=0.3361 z=0.06516 cee=0.04420 asm=0.07807 train_psnr=17.435 train_ssim=0.5026 | val_dehaze=17.288/0.4767 val_score=22.055 val_clean=17.060/0.4765 val_cross=17.093/0.4768 val_hazy_diag=12.137/0.4936 val_z=0.07333 val_cee=0.04560 val_asm=0.06607
Saved best Stage1-Dehaze-ASM checkpoint (score=22.055, PSNR=17.288, SSIM=0.4767)
[S1-Dehaze-ASM][0075/1000] lr=9.87e-05 train_loss=1.4953 dehaze=0.3271 hazy=0.3734 clean=0.3194 cross=0.3188 z=0.06269 cee=0.04458 asm=0.08460 train_psnr=17.631 train_ssim=0.5268 | val_dehaze=18.241/0.5076 val_score=23.317 val_clean=18.673/0.5132 val_cross=18.660/0.5124 val_hazy_diag=14.886/0.5586 val_z=0.07237 val_cee=0.04690 val_asm=0.09000
Saved best Stage1-Dehaze-ASM checkpoint (score=23.317, PSNR=18.241, SSIM=0.5076)
[S1-Dehaze-ASM][0100/1000] lr=9.77e-05 train_loss=1.3463 dehaze=0.2936 hazy=0.3624 clean=0.2892 cross=0.2887 z=0.06355 cee=0.04579 asm=0.07613 train_psnr=19.008 train_ssim=0.5579 | val_dehaze=18.887/0.5297 val_score=24.183 val_clean=18.686/0.5267 val_cross=18.737/0.5272 val_hazy_diag=12.729/0.5336 val_z=0.07095 val_cee=0.04795 val_asm=0.06644
Saved best Stage1-Dehaze-ASM checkpoint (score=24.183, PSNR=18.887, SSIM=0.5297)
[S1-Dehaze-ASM][0125/1000] lr=9.64e-05 train_loss=1.3243 dehaze=0.2879 hazy=0.3692 clean=0.2866 cross=0.2853 z=0.06590 cee=0.04721 asm=0.07833 train_psnr=19.289 train_ssim=0.5584 | val_dehaze=19.546/0.5457 val_score=25.003 val_clean=19.405/0.5472 val_cross=19.528/0.5483 val_hazy_diag=13.955/0.5652 val_z=0.07421 val_cee=0.04876 val_asm=0.07918
Saved best Stage1-Dehaze-ASM checkpoint (score=25.003, PSNR=19.546, SSIM=0.5457)
[S1-Dehaze-ASM][0150/1000] lr=9.48e-05 train_loss=1.3778 dehaze=0.3008 hazy=0.3757 clean=0.2952 cross=0.2948 z=0.06450 cee=0.04681 asm=0.07969 train_psnr=18.544 train_ssim=0.5562 | val_dehaze=18.888/0.5403 val_score=24.292 val_clean=18.903/0.5443 val_cross=18.927/0.5436 val_hazy_diag=13.191/0.5680 val_z=0.07476 val_cee=0.04896 val_asm=0.06940
[S1-Dehaze-ASM][0175/1000] lr=9.30e-05 train_loss=1.2206 dehaze=0.2658 hazy=0.3538 clean=0.2625 cross=0.2623 z=0.06174 cee=0.04784 asm=0.07519 train_psnr=19.500 train_ssim=0.6020 | val_dehaze=19.605/0.5646 val_score=25.251 val_clean=20.092/0.5714 val_cross=20.058/0.5695 val_hazy_diag=15.064/0.5914 val_z=0.07155 val_cee=0.04953 val_asm=0.08658
Saved best Stage1-Dehaze-ASM checkpoint (score=25.251, PSNR=19.605, SSIM=0.5646)
[S1-Dehaze-ASM][0200/1000] lr=9.09e-05 train_loss=1.2040 dehaze=0.2619 hazy=0.3562 clean=0.2602 cross=0.2591 z=0.05796 cee=0.04754 asm=0.07857 train_psnr=20.021 train_ssim=0.6040 | val_dehaze=19.521/0.5913 val_score=25.434 val_clean=19.824/0.5970 val_cross=19.880/0.5956 val_hazy_diag=14.757/0.6096 val_z=0.06838 val_cee=0.04968 val_asm=0.08436
Saved best Stage1-Dehaze-ASM checkpoint (score=25.434, PSNR=19.521, SSIM=0.5913)
[S1-Dehaze-ASM][0225/1000] lr=8.86e-05 train_loss=1.1101 dehaze=0.2414 hazy=0.3466 clean=0.2403 cross=0.2388 z=0.05584 cee=0.04774 asm=0.07352 train_psnr=20.774 train_ssim=0.6304 | val_dehaze=19.576/0.6008 val_score=25.584 val_clean=19.904/0.6081 val_cross=19.884/0.6054 val_hazy_diag=14.196/0.6225 val_z=0.06417 val_cee=0.04897 val_asm=0.07629
Saved best Stage1-Dehaze-ASM checkpoint (score=25.584, PSNR=19.576, SSIM=0.6008)
[S1-Dehaze-ASM][0250/1000] lr=8.61e-05 train_loss=1.1429 dehaze=0.2492 hazy=0.3762 clean=0.2462 cross=0.2449 z=0.05569 cee=0.04806 asm=0.06842 train_psnr=20.213 train_ssim=0.6232 | val_dehaze=19.733/0.6166 val_score=25.899 val_clean=20.246/0.6197 val_cross=20.239/0.6194 val_hazy_diag=14.684/0.6113 val_z=0.06516 val_cee=0.04924 val_asm=0.08449
Saved best Stage1-Dehaze-ASM checkpoint (score=25.899, PSNR=19.733, SSIM=0.6166)
[S1-Dehaze-ASM][0275/1000] lr=8.33e-05 train_loss=1.0710 dehaze=0.2322 hazy=0.3454 clean=0.2332 cross=0.2317 z=0.05223 cee=0.04702 asm=0.07499 train_psnr=21.199 train_ssim=0.6402 | val_dehaze=20.323/0.6265 val_score=26.589 val_clean=20.640/0.6320 val_cross=20.729/0.6309 val_hazy_diag=14.139/0.6217 val_z=0.06298 val_cee=0.04915 val_asm=0.07576
Saved best Stage1-Dehaze-ASM checkpoint (score=26.589, PSNR=20.323, SSIM=0.6265)
[S1-Dehaze-ASM][0300/1000] lr=8.04e-05 train_loss=1.0796 dehaze=0.2351 hazy=0.3514 clean=0.2330 cross=0.2317 z=0.05046 cee=0.04624 asm=0.07312 train_psnr=20.951 train_ssim=0.6391 | val_dehaze=20.555/0.6387 val_score=26.942 val_clean=20.953/0.6427 val_cross=20.962/0.6413 val_hazy_diag=14.326/0.6229 val_z=0.06093 val_cee=0.04784 val_asm=0.07774
Saved best Stage1-Dehaze-ASM checkpoint (score=26.942, PSNR=20.555, SSIM=0.6387)
[S1-Dehaze-ASM][0325/1000] lr=7.73e-05 train_loss=0.9828 dehaze=0.2141 hazy=0.3342 clean=0.2112 cross=0.2107 z=0.05255 cee=0.04691 asm=0.07859 train_psnr=21.350 train_ssim=0.6787 | val_dehaze=20.483/0.6448 val_score=26.932 val_clean=20.522/0.6460 val_cross=20.617/0.6454 val_hazy_diag=14.453/0.6190 val_z=0.05931 val_cee=0.04777 val_asm=0.08164
[S1-Dehaze-ASM][0350/1000] lr=7.41e-05 train_loss=1.0393 dehaze=0.2252 hazy=0.3466 clean=0.2268 cross=0.2251 z=0.05112 cee=0.04579 asm=0.07485 train_psnr=21.234 train_ssim=0.6565 | val_dehaze=21.129/0.6485 val_score=27.614 val_clean=21.002/0.6485 val_cross=21.202/0.6493 val_hazy_diag=13.920/0.6235 val_z=0.06343 val_cee=0.04724 val_asm=0.07382
Saved best Stage1-Dehaze-ASM checkpoint (score=27.614, PSNR=21.129, SSIM=0.6485)
[S1-Dehaze-ASM][0375/1000] lr=7.07e-05 train_loss=1.0569 dehaze=0.2296 hazy=0.3510 clean=0.2290 cross=0.2278 z=0.04994 cee=0.04595 asm=0.07758 train_psnr=20.874 train_ssim=0.6560 | val_dehaze=20.594/0.6536 val_score=27.130 val_clean=20.821/0.6560 val_cross=20.918/0.6547 val_hazy_diag=14.157/0.6249 val_z=0.06280 val_cee=0.04727 val_asm=0.07719
[S1-Dehaze-ASM][0400/1000] lr=6.72e-05 train_loss=1.0032 dehaze=0.2182 hazy=0.3327 clean=0.2166 cross=0.2156 z=0.05107 cee=0.04468 asm=0.07945 train_psnr=21.485 train_ssim=0.6672 | val_dehaze=20.508/0.6576 val_score=27.084 val_clean=20.516/0.6569 val_cross=20.680/0.6580 val_hazy_diag=13.383/0.6112 val_z=0.06114 val_cee=0.04662 val_asm=0.07008
[S1-Dehaze-ASM][0425/1000] lr=6.36e-05 train_loss=1.0090 dehaze=0.2195 hazy=0.3479 clean=0.2180 cross=0.2168 z=0.04918 cee=0.04509 asm=0.07368 train_psnr=21.433 train_ssim=0.6639 | val_dehaze=20.724/0.6585 val_score=27.309 val_clean=21.092/0.6625 val_cross=21.137/0.6607 val_hazy_diag=14.315/0.6340 val_z=0.05857 val_cee=0.04648 val_asm=0.07750
[S1-Dehaze-ASM][0450/1000] lr=5.99e-05 train_loss=0.9563 dehaze=0.2081 hazy=0.3309 clean=0.2061 cross=0.2056 z=0.04651 cee=0.04512 asm=0.07071 train_psnr=21.659 train_ssim=0.6855 | val_dehaze=20.209/0.6610 val_score=26.819 val_clean=20.309/0.6601 val_cross=20.478/0.6625 val_hazy_diag=13.099/0.5971 val_z=0.05817 val_cee=0.04622 val_asm=0.06824
[S1-Dehaze-ASM][0475/1000] lr=5.62e-05 train_loss=0.9765 dehaze=0.2123 hazy=0.3360 clean=0.2109 cross=0.2103 z=0.04764 cee=0.04414 asm=0.07570 train_psnr=21.668 train_ssim=0.6775 | val_dehaze=20.519/0.6632 val_score=27.151 val_clean=20.714/0.6655 val_cross=20.930/0.6658 val_hazy_diag=13.384/0.6103 val_z=0.05771 val_cee=0.04589 val_asm=0.07083
[S1-Dehaze-ASM][0500/1000] lr=5.25e-05 train_loss=0.9591 dehaze=0.2083 hazy=0.3367 clean=0.2072 cross=0.2070 z=0.04642 cee=0.04394 asm=0.07422 train_psnr=21.734 train_ssim=0.6842 | val_dehaze=20.843/0.6662 val_score=27.505 val_clean=21.092/0.6697 val_cross=21.234/0.6694 val_hazy_diag=13.529/0.6151 val_z=0.05857 val_cee=0.04561 val_asm=0.07124
[S1-Dehaze-ASM][0525/1000] lr=4.88e-05 train_loss=0.9413 dehaze=0.2048 hazy=0.3196 clean=0.2024 cross=0.2024 z=0.04705 cee=0.04346 asm=0.07649 train_psnr=22.097 train_ssim=0.6911 | val_dehaze=20.717/0.6637 val_score=27.354 val_clean=20.716/0.6662 val_cross=20.814/0.6654 val_hazy_diag=13.383/0.6250 val_z=0.05877 val_cee=0.04526 val_asm=0.06835
[S1-Dehaze-ASM][0550/1000] lr=4.51e-05 train_loss=0.9474 dehaze=0.2061 hazy=0.3427 clean=0.2045 cross=0.2037 z=0.04656 cee=0.04443 asm=0.07523 train_psnr=21.839 train_ssim=0.6858 | val_dehaze=20.507/0.6607 val_score=27.114 val_clean=20.980/0.6677 val_cross=20.912/0.6638 val_hazy_diag=14.979/0.6576 val_z=0.05968 val_cee=0.04518 val_asm=0.08150
[S1-Dehaze-ASM][0575/1000] lr=4.14e-05 train_loss=0.9470 dehaze=0.2062 hazy=0.3297 clean=0.2039 cross=0.2032 z=0.04559 cee=0.04289 asm=0.07422 train_psnr=22.033 train_ssim=0.6867 | val_dehaze=20.842/0.6699 val_score=27.542 val_clean=21.019/0.6715 val_cross=21.213/0.6719 val_hazy_diag=13.503/0.6158 val_z=0.05892 val_cee=0.04473 val_asm=0.07168
[S1-Dehaze-ASM][0600/1000] lr=3.78e-05 train_loss=0.9332 dehaze=0.2032 hazy=0.3307 clean=0.2012 cross=0.2002 z=0.04740 cee=0.04243 asm=0.07346 train_psnr=22.226 train_ssim=0.6880 | val_dehaze=21.321/0.6733 val_score=28.054 val_clean=21.539/0.6765 val_cross=21.697/0.6765 val_hazy_diag=14.245/0.6319 val_z=0.05902 val_cee=0.04431 val_asm=0.07851
Saved best Stage1-Dehaze-ASM checkpoint (score=28.054, PSNR=21.321, SSIM=0.6733)
[S1-Dehaze-ASM][0625/1000] lr=3.43e-05 train_loss=0.9033 dehaze=0.1961 hazy=0.3347 clean=0.1964 cross=0.1947 z=0.04593 cee=0.04290 asm=0.07508 train_psnr=22.212 train_ssim=0.7010 | val_dehaze=21.081/0.6722 val_score=27.803 val_clean=21.276/0.6767 val_cross=21.400/0.6757 val_hazy_diag=14.148/0.6325 val_z=0.05702 val_cee=0.04414 val_asm=0.07568
[S1-Dehaze-ASM][0650/1000] lr=3.09e-05 train_loss=0.9395 dehaze=0.2043 hazy=0.3453 clean=0.2034 cross=0.2021 z=0.04566 cee=0.04225 asm=0.07435 train_psnr=21.997 train_ssim=0.6823 | val_dehaze=21.376/0.6757 val_score=28.133 val_clean=21.718/0.6794 val_cross=21.891/0.6787 val_hazy_diag=13.787/0.6286 val_z=0.05746 val_cee=0.04374 val_asm=0.07254
Saved best Stage1-Dehaze-ASM checkpoint (score=28.133, PSNR=21.376, SSIM=0.6757)
[S1-Dehaze-ASM][0675/1000] lr=2.77e-05 train_loss=0.8939 dehaze=0.1947 hazy=0.3316 clean=0.1928 cross=0.1916 z=0.04527 cee=0.04171 asm=0.07789 train_psnr=22.421 train_ssim=0.6981 | val_dehaze=21.483/0.6752 val_score=28.236 val_clean=21.755/0.6795 val_cross=21.817/0.6781 val_hazy_diag=14.219/0.6374 val_z=0.05648 val_cee=0.04356 val_asm=0.07619
Saved best Stage1-Dehaze-ASM checkpoint (score=28.236, PSNR=21.483, SSIM=0.6752)
[S1-Dehaze-ASM][0700/1000] lr=2.46e-05 train_loss=0.9364 dehaze=0.2036 hazy=0.3429 clean=0.2022 cross=0.2016 z=0.04506 cee=0.04174 asm=0.07061 train_psnr=22.452 train_ssim=0.6824 | val_dehaze=21.442/0.6792 val_score=28.234 val_clean=21.779/0.6824 val_cross=21.972/0.6823 val_hazy_diag=14.181/0.6322 val_z=0.05671 val_cee=0.04316 val_asm=0.07663
[S1-Dehaze-ASM][0725/1000] lr=2.17e-05 train_loss=0.8851 dehaze=0.1925 hazy=0.3365 clean=0.1916 cross=0.1902 z=0.04502 cee=0.04196 asm=0.07440 train_psnr=22.795 train_ssim=0.6981 | val_dehaze=21.669/0.6775 val_score=28.445 val_clean=21.984/0.6814 val_cross=22.090/0.6802 val_hazy_diag=14.274/0.6402 val_z=0.05648 val_cee=0.04301 val_asm=0.07649
Saved best Stage1-Dehaze-ASM checkpoint (score=28.445, PSNR=21.669, SSIM=0.6775)
[S1-Dehaze-ASM][0750/1000] lr=1.89e-05 train_loss=0.8725 dehaze=0.1896 hazy=0.3400 clean=0.1891 cross=0.1878 z=0.04391 cee=0.04174 asm=0.07083 train_psnr=23.037 train_ssim=0.6981 | val_dehaze=21.612/0.6819 val_score=28.431 val_clean=21.816/0.6835 val_cross=22.008/0.6840 val_hazy_diag=13.990/0.6271 val_z=0.05624 val_cee=0.04272 val_asm=0.07459
[S1-Dehaze-ASM][0775/1000] lr=1.64e-05 train_loss=0.8564 dehaze=0.1862 hazy=0.3243 clean=0.1852 cross=0.1840 z=0.04476 cee=0.04111 asm=0.07413 train_psnr=23.042 train_ssim=0.7063 | val_dehaze=21.622/0.6792 val_score=28.414 val_clean=22.048/0.6833 val_cross=22.153/0.6816 val_hazy_diag=14.169/0.6412 val_z=0.05607 val_cee=0.04249 val_asm=0.07517
[S1-Dehaze-ASM][0800/1000] lr=1.41e-05 train_loss=0.8845 dehaze=0.1921 hazy=0.3386 clean=0.1919 cross=0.1905 z=0.04424 cee=0.04055 asm=0.07501 train_psnr=22.680 train_ssim=0.6964 | val_dehaze=21.661/0.6801 val_score=28.461 val_clean=22.148/0.6847 val_cross=22.188/0.6830 val_hazy_diag=14.339/0.6448 val_z=0.05569 val_cee=0.04226 val_asm=0.07657
Saved best Stage1-Dehaze-ASM checkpoint (score=28.461, PSNR=21.661, SSIM=0.6801)
[S1-Dehaze-ASM][0825/1000] lr=1.20e-05 train_loss=0.8769 dehaze=0.1902 hazy=0.3277 clean=0.1905 cross=0.1894 z=0.04419 cee=0.04033 asm=0.07262 train_psnr=22.824 train_ssim=0.7029 | val_dehaze=21.847/0.6825 val_score=28.672 val_clean=22.035/0.6857 val_cross=22.143/0.6852 val_hazy_diag=13.849/0.6337 val_z=0.05538 val_cee=0.04204 val_asm=0.07217
Saved best Stage1-Dehaze-ASM checkpoint (score=28.672, PSNR=21.847, SSIM=0.6825)
[S1-Dehaze-ASM][0850/1000] lr=1.02e-05 train_loss=0.8700 dehaze=0.1888 hazy=0.3281 clean=0.1892 cross=0.1877 z=0.04413 cee=0.04078 asm=0.07305 train_psnr=22.946 train_ssim=0.7038 | val_dehaze=21.860/0.6829 val_score=28.689 val_clean=22.000/0.6859 val_cross=22.065/0.6854 val_hazy_diag=13.962/0.6328 val_z=0.05553 val_cee=0.04186 val_asm=0.07331
Saved best Stage1-Dehaze-ASM checkpoint (score=28.689, PSNR=21.860, SSIM=0.6829)
