[Dataset] train: 40 matched pairs
[Dataset] val: 5 matched pairs
[Stage1-Dehaze-ASM] Training dense_haze | epochs=1000 | lambda_dehaze=3.0 | lambda_hazy=0.0 | lambda_clean=0.4 | lambda_cross=1.2 | lambda_z=0.03 | lambda_cee=0.0 | lambda_asm=0.05
[S1-Dehaze-ASM][0001/1000] lr=1.00e-04 train_loss=2.4201 dehaze=0.5252 hazy=0.2028 clean=0.5252 cross=0.5252 z=0.06440 cee=0.12622 asm=0.04734 train_psnr=12.398 train_ssim=0.3503 | val_dehaze=13.701/0.3523 val_score=17.223 val_clean=13.700/0.3522 val_cross=13.701/0.3523 val_hazy_diag=11.785/0.8952 val_z=0.03646 val_cee=0.12595 val_asm=0.04368
Saved best Stage1-Dehaze-ASM checkpoint (score=17.223, PSNR=13.701, SSIM=0.3523)
[S1-Dehaze-ASM][0025/1000] lr=9.99e-05 train_loss=2.0313 dehaze=0.4541 hazy=0.4452 clean=0.4145 cross=0.4124 z=0.14445 cee=0.12238 asm=0.08394 train_psnr=14.339 train_ssim=0.3731 | val_dehaze=14.535/0.3558 val_score=18.093 val_clean=16.885/0.3920 val_cross=16.891/0.3916 val_hazy_diag=9.382/0.7680 val_z=0.15913 val_cee=0.12407 val_asm=0.06386
Saved best Stage1-Dehaze-ASM checkpoint (score=18.093, PSNR=14.535, SSIM=0.3558)
[S1-Dehaze-ASM][0050/1000] lr=9.94e-05 train_loss=1.9192 dehaze=0.4322 hazy=0.4066 clean=0.3834 cross=0.3826 z=0.21071 cee=0.12715 asm=0.07619 train_psnr=14.865 train_ssim=0.3967 | val_dehaze=15.412/0.3639 val_score=19.051 val_clean=17.562/0.4050 val_cross=17.503/0.4023 val_hazy_diag=8.122/0.6715 val_z=0.22757 val_cee=0.12826 val_asm=0.08039
Saved best Stage1-Dehaze-ASM checkpoint (score=19.051, PSNR=15.412, SSIM=0.3639)
[S1-Dehaze-ASM][0075/1000] lr=9.87e-05 train_loss=1.9422 dehaze=0.4351 hazy=0.4242 clean=0.3942 cross=0.3910 z=0.21130 cee=0.13296 asm=0.07257 train_psnr=14.884 train_ssim=0.3904 | val_dehaze=15.247/0.3731 val_score=18.978 val_clean=17.698/0.4237 val_cross=17.764/0.4220 val_hazy_diag=9.763/0.7647 val_z=0.21457 val_cee=0.13316 val_asm=0.06043
[S1-Dehaze-ASM][0100/1000] lr=9.77e-05 train_loss=1.7360 dehaze=0.3939 hazy=0.5316 clean=0.3417 cross=0.3389 z=0.20174 cee=0.13590 asm=0.09414 train_psnr=16.064 train_ssim=0.4281 | val_dehaze=15.539/0.3797 val_score=19.336 val_clean=18.192/0.4392 val_cross=18.330/0.4376 val_hazy_diag=10.055/0.7453 val_z=0.20170 val_cee=0.13630 val_asm=0.05877
Saved best Stage1-Dehaze-ASM checkpoint (score=19.336, PSNR=15.539, SSIM=0.3797)
[S1-Dehaze-ASM][0125/1000] lr=9.64e-05 train_loss=1.6719 dehaze=0.3813 hazy=0.4856 clean=0.3253 cross=0.3224 z=0.22232 cee=0.13827 asm=0.08646 train_psnr=16.095 train_ssim=0.4541 | val_dehaze=15.617/0.3875 val_score=19.492 val_clean=18.751/0.4535 val_cross=18.769/0.4486 val_hazy_diag=7.875/0.6485 val_z=0.21316 val_cee=0.14093 val_asm=0.08463
Saved best Stage1-Dehaze-ASM checkpoint (score=19.492, PSNR=15.617, SSIM=0.3875)
[S1-Dehaze-ASM][0150/1000] lr=9.48e-05 train_loss=1.6338 dehaze=0.3752 hazy=0.4425 clean=0.3132 cross=0.3103 z=0.21710 cee=0.13784 asm=0.07983 train_psnr=16.442 train_ssim=0.4577 | val_dehaze=14.913/0.3773 val_score=18.686 val_clean=18.625/0.4498 val_cross=18.630/0.4459 val_hazy_diag=8.492/0.6201 val_z=0.26376 val_cee=0.14490 val_asm=0.08222
[S1-Dehaze-ASM][0175/1000] lr=9.30e-05 train_loss=1.6446 dehaze=0.3756 hazy=0.4923 clean=0.3181 cross=0.3163 z=0.21249 cee=0.14581 asm=0.09076 train_psnr=17.012 train_ssim=0.4420 | val_dehaze=15.737/0.3956 val_score=19.693 val_clean=19.404/0.4707 val_cross=19.486/0.4661 val_hazy_diag=8.917/0.6789 val_z=0.23520 val_cee=0.14826 val_asm=0.07055
Saved best Stage1-Dehaze-ASM checkpoint (score=19.693, PSNR=15.737, SSIM=0.3956)
[S1-Dehaze-ASM][0200/1000] lr=9.09e-05 train_loss=1.6364 dehaze=0.3790 hazy=0.4260 clean=0.3068 cross=0.3054 z=0.21259 cee=0.14126 asm=0.07702 train_psnr=15.932 train_ssim=0.4734 | val_dehaze=15.538/0.3943 val_score=19.481 val_clean=19.270/0.4735 val_cross=19.310/0.4689 val_hazy_diag=7.626/0.5797 val_z=0.22648 val_cee=0.14914 val_asm=0.08811
[S1-Dehaze-ASM][0225/1000] lr=8.86e-05 train_loss=1.5889 dehaze=0.3692 hazy=0.5182 clean=0.2954 cross=0.2928 z=0.23876 cee=0.14763 asm=0.09135 train_psnr=16.724 train_ssim=0.4607 | val_dehaze=15.806/0.4072 val_score=19.878 val_clean=19.218/0.4852 val_cross=19.329/0.4826 val_hazy_diag=7.697/0.5777 val_z=0.24129 val_cee=0.15067 val_asm=0.08588
Saved best Stage1-Dehaze-ASM checkpoint (score=19.878, PSNR=15.806, SSIM=0.4072)
[S1-Dehaze-ASM][0250/1000] lr=8.61e-05 train_loss=1.4913 dehaze=0.3412 hazy=0.4518 clean=0.2879 cross=0.2851 z=0.20922 cee=0.14239 asm=0.08232 train_psnr=17.293 train_ssim=0.5012 | val_dehaze=15.684/0.4025 val_score=19.709 val_clean=19.709/0.4910 val_cross=19.940/0.4888 val_hazy_diag=9.047/0.6316 val_z=0.24042 val_cee=0.15395 val_asm=0.06953
[S1-Dehaze-ASM][0275/1000] lr=8.33e-05 train_loss=1.5514 dehaze=0.3556 hazy=0.4746 clean=0.2976 cross=0.2950 z=0.24202 cee=0.14630 asm=0.08514 train_psnr=16.801 train_ssim=0.4908 | val_dehaze=15.044/0.3914 val_score=18.957 val_clean=19.435/0.4932 val_cross=19.749/0.4904 val_hazy_diag=8.430/0.5884 val_z=0.28062 val_cee=0.15411 val_asm=0.08087
[S1-Dehaze-ASM][0300/1000] lr=8.04e-05 train_loss=1.5010 dehaze=0.3531 hazy=0.4786 clean=0.2694 cross=0.2692 z=0.21724 cee=0.14844 asm=0.08623 train_psnr=16.875 train_ssim=0.4979 | val_dehaze=15.637/0.4050 val_score=19.687 val_clean=20.339/0.5088 val_cross=20.488/0.5027 val_hazy_diag=8.628/0.6098 val_z=0.24454 val_cee=0.15571 val_asm=0.07460
[S1-Dehaze-ASM][0325/1000] lr=7.73e-05 train_loss=1.4506 dehaze=0.3342 hazy=0.5069 clean=0.2721 cross=0.2732 z=0.21930 cee=0.14650 asm=0.09523 train_psnr=17.502 train_ssim=0.5108 | val_dehaze=15.996/0.4084 val_score=20.080 val_clean=20.440/0.5140 val_cross=20.571/0.5066 val_hazy_diag=9.024/0.6127 val_z=0.24853 val_cee=0.15564 val_asm=0.06989
Saved best Stage1-Dehaze-ASM checkpoint (score=20.080, PSNR=15.996, SSIM=0.4084)
[S1-Dehaze-ASM][0350/1000] lr=7.41e-05 train_loss=1.4053 dehaze=0.3257 hazy=0.4534 clean=0.2615 cross=0.2608 z=0.22054 cee=0.14968 asm=0.08154 train_psnr=18.102 train_ssim=0.5149 | val_dehaze=14.935/0.3959 val_score=18.894 val_clean=17.785/0.4829 val_cross=18.064/0.4793 val_hazy_diag=6.813/0.5158 val_z=0.25559 val_cee=0.15849 val_asm=0.09920
[S1-Dehaze-ASM][0375/1000] lr=7.07e-05 train_loss=1.4176 dehaze=0.3281 hazy=0.5109 clean=0.2641 cross=0.2637 z=0.21947 cee=0.15057 asm=0.09122 train_psnr=18.039 train_ssim=0.5057 | val_dehaze=16.005/0.4237 val_score=20.242 val_clean=19.803/0.5221 val_cross=19.841/0.5161 val_hazy_diag=7.685/0.5706 val_z=0.22602 val_cee=0.15660 val_asm=0.08515
Saved best Stage1-Dehaze-ASM checkpoint (score=20.242, PSNR=16.005, SSIM=0.4237)
[S1-Dehaze-ASM][0400/1000] lr=6.72e-05 train_loss=1.4338 dehaze=0.3295 hazy=0.4931 clean=0.2704 cross=0.2719 z=0.20957 cee=0.14629 asm=0.09273 train_psnr=18.002 train_ssim=0.5030 | val_dehaze=16.027/0.4203 val_score=20.230 val_clean=19.566/0.5222 val_cross=19.637/0.5130 val_hazy_diag=8.185/0.6112 val_z=0.22313 val_cee=0.15689 val_asm=0.07935
[S1-Dehaze-ASM][0425/1000] lr=6.36e-05 train_loss=1.4042 dehaze=0.3288 hazy=0.5011 clean=0.2523 cross=0.2548 z=0.21329 cee=0.14761 asm=0.09639 train_psnr=17.877 train_ssim=0.5215 | val_dehaze=15.957/0.4206 val_score=20.163 val_clean=20.205/0.5290 val_cross=20.116/0.5183 val_hazy_diag=8.184/0.5993 val_z=0.23342 val_cee=0.15697 val_asm=0.07940
[S1-Dehaze-ASM][0450/1000] lr=5.99e-05 train_loss=1.4230 dehaze=0.3315 hazy=0.5370 clean=0.2593 cross=0.2613 z=0.21888 cee=0.15045 asm=0.09518 train_psnr=17.992 train_ssim=0.4994 | val_dehaze=15.280/0.4084 val_score=19.364 val_clean=19.997/0.5254 val_cross=20.243/0.5189 val_hazy_diag=7.272/0.5342 val_z=0.24389 val_cee=0.15681 val_asm=0.09371
[S1-Dehaze-ASM][0475/1000] lr=5.62e-05 train_loss=1.4117 dehaze=0.3284 hazy=0.5178 clean=0.2601 cross=0.2594 z=0.21406 cee=0.14636 asm=0.09473 train_psnr=18.110 train_ssim=0.5083 | val_dehaze=15.517/0.4090 val_score=19.606 val_clean=20.844/0.5385 val_cross=20.918/0.5287 val_hazy_diag=9.707/0.6384 val_z=0.24621 val_cee=0.15642 val_asm=0.06512
[S1-Dehaze-ASM][0500/1000] lr=5.25e-05 train_loss=1.3478 dehaze=0.3134 hazy=0.5006 clean=0.2470 cross=0.2482 z=0.20878 cee=0.14389 asm=0.09274 train_psnr=18.410 train_ssim=0.5333 | val_dehaze=15.921/0.4162 val_score=20.082 val_clean=21.015/0.5393 val_cross=21.007/0.5287 val_hazy_diag=8.688/0.5940 val_z=0.24087 val_cee=0.15597 val_asm=0.07413
[S1-Dehaze-ASM][0525/1000] lr=4.88e-05 train_loss=1.3235 dehaze=0.3067 hazy=0.5239 clean=0.2449 cross=0.2450 z=0.22513 cee=0.14901 asm=0.09620 train_psnr=18.720 train_ssim=0.5358 | val_dehaze=15.714/0.4180 val_score=19.893 val_clean=21.210/0.5417 val_cross=21.143/0.5306 val_hazy_diag=9.694/0.6740 val_z=0.24736 val_cee=0.15590 val_asm=0.06235
[S1-Dehaze-ASM][0550/1000] lr=4.51e-05 train_loss=1.2961 dehaze=0.3013 hazy=0.5249 clean=0.2383 cross=0.2381 z=0.21403 cee=0.14685 asm=0.09346 train_psnr=18.983 train_ssim=0.5373 | val_dehaze=15.604/0.4164 val_score=19.769 val_clean=20.793/0.5410 val_cross=20.830/0.5328 val_hazy_diag=7.568/0.5334 val_z=0.23768 val_cee=0.15639 val_asm=0.08928
[S1-Dehaze-ASM][0575/1000] lr=4.14e-05 train_loss=1.3626 dehaze=0.3155 hazy=0.4734 clean=0.2532 cross=0.2537 z=0.21074 cee=0.14442 asm=0.08291 train_psnr=18.407 train_ssim=0.5252 | val_dehaze=15.410/0.4125 val_score=19.535 val_clean=20.707/0.5404 val_cross=20.857/0.5326 val_hazy_diag=9.241/0.6134 val_z=0.25123 val_cee=0.15458 val_asm=0.07054
[S1-Dehaze-ASM][0600/1000] lr=3.78e-05 train_loss=1.3542 dehaze=0.3147 hazy=0.5498 clean=0.2495 cross=0.2491 z=0.21752 cee=0.14813 asm=0.09895 train_psnr=18.492 train_ssim=0.5219 | val_dehaze=15.566/0.4154 val_score=19.720 val_clean=21.348/0.5464 val_cross=21.396/0.5358 val_hazy_diag=7.914/0.5754 val_z=0.24022 val_cee=0.15471 val_asm=0.08513
[S1-Dehaze-ASM][0625/1000] lr=3.43e-05 train_loss=1.3628 dehaze=0.3170 hazy=0.5426 clean=0.2511 cross=0.2504 z=0.21196 cee=0.14395 asm=0.09050 train_psnr=18.474 train_ssim=0.5190 | val_dehaze=15.688/0.4161 val_score=19.849 val_clean=21.211/0.5487 val_cross=21.220/0.5385 val_hazy_diag=8.554/0.6046 val_z=0.24449 val_cee=0.15405 val_asm=0.07572
[S1-Dehaze-ASM][0650/1000] lr=3.09e-05 train_loss=1.3057 dehaze=0.3035 hazy=0.4854 clean=0.2400 cross=0.2404 z=0.20949 cee=0.14135 asm=0.08922 train_psnr=18.589 train_ssim=0.5458 | val_dehaze=15.348/0.4137 val_score=19.485 val_clean=21.020/0.5468 val_cross=21.118/0.5383 val_hazy_diag=9.721/0.6468 val_z=0.24364 val_cee=0.15333 val_asm=0.06287
[S1-Dehaze-ASM][0675/1000] lr=2.77e-05 train_loss=1.3420 dehaze=0.3107 hazy=0.5132 clean=0.2494 cross=0.2499 z=0.20382 cee=0.14491 asm=0.08610 train_psnr=18.902 train_ssim=0.5191 | val_dehaze=15.573/0.4162 val_score=19.735 val_clean=21.195/0.5493 val_cross=21.253/0.5400 val_hazy_diag=8.978/0.6113 val_z=0.24231 val_cee=0.15270 val_asm=0.07185
[S1-Dehaze-ASM][0700/1000] lr=2.46e-05 train_loss=1.3215 dehaze=0.3059 hazy=0.5146 clean=0.2447 cross=0.2461 z=0.20225 cee=0.14463 asm=0.08886 train_psnr=19.079 train_ssim=0.5260 | val_dehaze=15.823/0.4209 val_score=20.031 val_clean=21.316/0.5523 val_cross=21.388/0.5439 val_hazy_diag=8.343/0.5939 val_z=0.23678 val_cee=0.15247 val_asm=0.07872
[S1-Dehaze-ASM][0725/1000] lr=2.17e-05 train_loss=1.2428 dehaze=0.2876 hazy=0.5154 clean=0.2312 cross=0.2308 z=0.20345 cee=0.14223 asm=0.08993 train_psnr=19.383 train_ssim=0.5588 | val_dehaze=15.638/0.4178 val_score=19.817 val_clean=21.525/0.5545 val_cross=21.452/0.5440 val_hazy_diag=8.258/0.5989 val_z=0.23198 val_cee=0.15224 val_asm=0.08055
[S1-Dehaze-ASM][0750/1000] lr=1.89e-05 train_loss=1.2655 dehaze=0.2932 hazy=0.5130 clean=0.2340 cross=0.2347 z=0.20417 cee=0.14119 asm=0.09058 train_psnr=19.543 train_ssim=0.5377 | val_dehaze=15.827/0.4221 val_score=20.048 val_clean=21.436/0.5555 val_cross=21.360/0.5446 val_hazy_diag=8.646/0.6110 val_z=0.23103 val_cee=0.15174 val_asm=0.07429
[S1-Dehaze-ASM][0775/1000] lr=1.64e-05 train_loss=1.2886 dehaze=0.2976 hazy=0.5335 clean=0.2405 cross=0.2409 z=0.19847 cee=0.14266 asm=0.09140 train_psnr=19.261 train_ssim=0.5390 | val_dehaze=15.694/0.4211 val_score=19.905 val_clean=21.613/0.5560 val_cross=21.620/0.5456 val_hazy_diag=8.632/0.6202 val_z=0.22801 val_cee=0.15135 val_asm=0.07429
[S1-Dehaze-ASM][0800/1000] lr=1.41e-05 train_loss=1.2358 dehaze=0.2841 hazy=0.5208 clean=0.2331 cross=0.2331 z=0.20115 cee=0.14033 asm=0.09007 train_psnr=20.024 train_ssim=0.5501 | val_dehaze=15.475/0.4171 val_score=19.645 val_clean=21.450/0.5556 val_cross=21.444/0.5461 val_hazy_diag=7.999/0.5749 val_z=0.23662 val_cee=0.15080 val_asm=0.08330
[S1-Dehaze-ASM][0825/1000] lr=1.20e-05 train_loss=1.2440 dehaze=0.2873 hazy=0.5055 clean=0.2326 cross=0.2319 z=0.20666 cee=0.14028 asm=0.09097 train_psnr=19.700 train_ssim=0.5505 | val_dehaze=15.456/0.4143 val_score=19.599 val_clean=21.579/0.5577 val_cross=21.583/0.5475 val_hazy_diag=8.360/0.5798 val_z=0.23851 val_cee=0.14971 val_asm=0.08022
[S1-Dehaze-ASM][0850/1000] lr=1.02e-05 train_loss=1.2314 dehaze=0.2835 hazy=0.4945 clean=0.2320 cross=0.2313 z=0.19908 cee=0.13793 asm=0.08893 train_psnr=19.384 train_ssim=0.5633 | val_dehaze=15.375/0.4137 val_score=19.512 val_clean=21.441/0.5568 val_cross=21.448/0.5472 val_hazy_diag=8.209/0.5818 val_z=0.23174 val_cee=0.14970 val_asm=0.08097
[S1-Dehaze-ASM][0875/1000] lr=8.62e-06 train_loss=1.2717 dehaze=0.2917 hazy=0.5134 clean=0.2414 cross=0.2411 z=0.19958 cee=0.13657 asm=0.09404 train_psnr=19.865 train_ssim=0.5361 | val_dehaze=15.507/0.4171 val_score=19.678 val_clean=21.627/0.5576 val_cross=21.625/0.5475 val_hazy_diag=8.406/0.6012 val_z=0.23361 val_cee=0.14884 val_asm=0.07825
[S1-Dehaze-ASM][0900/1000] lr=7.32e-06 train_loss=1.2349 dehaze=0.2853 hazy=0.4834 clean=0.2317 cross=0.2301 z=0.19256 cee=0.13583 asm=0.08489 train_psnr=19.676 train_ssim=0.5585 | val_dehaze=15.576/0.4178 val_score=19.754 val_clean=21.572/0.5578 val_cross=21.574/0.5478 val_hazy_diag=8.536/0.6019 val_z=0.22909 val_cee=0.14808 val_asm=0.07631
[S1-Dehaze-ASM][0925/1000] lr=6.31e-06 train_loss=1.2340 dehaze=0.2864 hazy=0.4986 clean=0.2278 cross=0.2276 z=0.20868 cee=0.13827 asm=0.08754 train_psnr=19.267 train_ssim=0.5640 | val_dehaze=15.547/0.4174 val_score=19.721 val_clean=21.615/0.5587 val_cross=21.589/0.5487 val_hazy_diag=8.739/0.6075 val_z=0.23493 val_cee=0.14802 val_asm=0.07524
[S1-Dehaze-ASM][0950/1000] lr=5.58e-06 train_loss=1.2178 dehaze=0.2810 hazy=0.5201 clean=0.2276 cross=0.2275 z=0.19754 cee=0.13597 asm=0.09532 train_psnr=19.649 train_ssim=0.5633 | val_dehaze=15.508/0.4161 val_score=19.669 val_clean=21.631/0.5594 val_cross=21.598/0.5490 val_hazy_diag=8.719/0.6057 val_z=0.23094 val_cee=0.14757 val_asm=0.07494
[S1-Dehaze-ASM][0975/1000] lr=5.15e-06 train_loss=1.2698 dehaze=0.2931 hazy=0.5237 clean=0.2373 cross=0.2376 z=0.19843 cee=0.13589 asm=0.08980 train_psnr=19.476 train_ssim=0.5411 | val_dehaze=15.287/0.4144 val_score=19.431 val_clean=21.568/0.5591 val_cross=21.555/0.5489 val_hazy_diag=8.432/0.5938 val_z=0.23209 val_cee=0.14735 val_asm=0.07885
[S1-Dehaze-ASM][1000/1000] lr=5.00e-06 train_loss=1.2576 dehaze=0.2900 hazy=0.5128 clean=0.2346 cross=0.2362 z=0.19657 cee=0.13705 asm=0.09040 train_psnr=19.491 train_ssim=0.5483 | val_dehaze=15.518/0.4175 val_score=19.693 val_clean=21.500/0.5590 val_cross=21.510/0.5489 val_hazy_diag=8.662/0.6083 val_z=0.22874 val_cee=0.14707 val_asm=0.07505
Best Stage1-Dehaze-ASM: score=20.242, PSNR=16.005, SSIM=0.4237
