Warning: You are sending unauthenticated requests to the HF Hub. Please set a HF_TOKEN to enable higher rate limits and faster downloads.
[Dataset] train: 40 matched pairs
[Dataset] val: 5 matched pairs
[Stage1-Dehaze-ASM] Training nh_haze | epochs=1000 | lambda_dehaze=3.0 | lambda_hazy=0.0 | lambda_clean=0.4 | lambda_cross=1.2 | lambda_z=0.03 | lambda_cee=0.0 | lambda_asm=0.0
[S1-Dehaze-ASM][0001/1000] lr=1.00e-04 train_loss=2.9129 dehaze=0.6329 hazy=0.2556 clean=0.6329 cross=0.6329 z=0.05152 cee=0.10489 asm=0.09284 train_psnr=11.402 train_ssim=0.1957 | val_dehaze=12.957/0.2479 val_score=15.436 val_clean=12.956/0.2479 val_cross=12.957/0.2479 val_hazy_diag=15.939/0.6437 val_z=0.02790 val_cee=0.10427 val_asm=0.09706
Saved best Stage1-Dehaze-ASM checkpoint (score=15.436, PSNR=12.957, SSIM=0.2479)
[S1-Dehaze-ASM][0025/1000] lr=9.99e-05 train_loss=2.3623 dehaze=0.5220 hazy=0.4465 clean=0.4967 cross=0.4953 z=0.10863 cee=0.10594 asm=0.08715 train_psnr=14.040 train_ssim=0.2362 | val_dehaze=14.449/0.2632 val_score=17.081 val_clean=15.377/0.2771 val_cross=15.426/0.2784 val_hazy_diag=10.532/0.4586 val_z=0.11248 val_cee=0.10418 val_asm=0.08668
Saved best Stage1-Dehaze-ASM checkpoint (score=17.081, PSNR=14.449, SSIM=0.2632)
[S1-Dehaze-ASM][0050/1000] lr=9.94e-05 train_loss=2.2347 dehaze=0.4965 hazy=0.4662 clean=0.4639 cross=0.4631 z=0.12888 cee=0.10867 asm=0.09527 train_psnr=15.078 train_ssim=0.2470 | val_dehaze=13.498/0.2625 val_score=16.123 val_clean=15.619/0.2930 val_cross=15.585/0.2946 val_hazy_diag=14.926/0.5511 val_z=0.12765 val_cee=0.10508 val_asm=0.10240
[S1-Dehaze-ASM][0075/1000] lr=9.87e-05 train_loss=2.2290 dehaze=0.4973 hazy=0.4403 clean=0.4594 cross=0.4579 z=0.13213 cee=0.10562 asm=0.08392 train_psnr=14.852 train_ssim=0.2581 | val_dehaze=15.233/0.2831 val_score=18.064 val_clean=16.174/0.2995 val_cross=16.137/0.2996 val_hazy_diag=10.864/0.4413 val_z=0.14780 val_cee=0.10446 val_asm=0.08450
Saved best Stage1-Dehaze-ASM checkpoint (score=18.064, PSNR=15.233, SSIM=0.2831)
[S1-Dehaze-ASM][0100/1000] lr=9.77e-05 train_loss=2.1748 dehaze=0.4898 hazy=0.4783 clean=0.4387 cross=0.4382 z=0.14325 cee=0.10661 asm=0.09270 train_psnr=14.862 train_ssim=0.2756 | val_dehaze=14.042/0.2985 val_score=17.027 val_clean=16.163/0.3366 val_cross=16.124/0.3363 val_hazy_diag=14.635/0.5420 val_z=0.14822 val_cee=0.10406 val_asm=0.09609
[S1-Dehaze-ASM][0125/1000] lr=9.64e-05 train_loss=1.9259 dehaze=0.4291 hazy=0.4698 clean=0.3972 cross=0.3966 z=0.12841 cee=0.10461 asm=0.09241 train_psnr=16.388 train_ssim=0.3304 | val_dehaze=15.242/0.3147 val_score=18.390 val_clean=17.287/0.3432 val_cross=17.314/0.3441 val_hazy_diag=11.851/0.4924 val_z=0.14096 val_cee=0.10430 val_asm=0.07857
Saved best Stage1-Dehaze-ASM checkpoint (score=18.390, PSNR=15.242, SSIM=0.3147)
[S1-Dehaze-ASM][0150/1000] lr=9.48e-05 train_loss=1.9685 dehaze=0.4402 hazy=0.4637 clean=0.4029 cross=0.4025 z=0.12952 cee=0.10470 asm=0.08667 train_psnr=16.267 train_ssim=0.3167 | val_dehaze=14.674/0.3131 val_score=17.805 val_clean=16.920/0.3584 val_cross=16.871/0.3603 val_hazy_diag=11.152/0.4177 val_z=0.13672 val_cee=0.10515 val_asm=0.09498
[S1-Dehaze-ASM][0175/1000] lr=9.30e-05 train_loss=1.9282 dehaze=0.4310 hazy=0.4345 clean=0.3953 cross=0.3945 z=0.12652 cee=0.10347 asm=0.08399 train_psnr=16.766 train_ssim=0.3207 | val_dehaze=14.931/0.3335 val_score=18.266 val_clean=17.896/0.3880 val_cross=17.943/0.3888 val_hazy_diag=13.122/0.5085 val_z=0.14834 val_cee=0.10357 val_asm=0.08680
[S1-Dehaze-ASM][0200/1000] lr=9.09e-05 train_loss=1.9460 dehaze=0.4399 hazy=0.4803 clean=0.3890 cross=0.3892 z=0.12100 cee=0.10291 asm=0.09429 train_psnr=16.337 train_ssim=0.3215 | val_dehaze=15.215/0.3343 val_score=18.557 val_clean=17.403/0.3821 val_cross=17.515/0.3838 val_hazy_diag=11.593/0.4525 val_z=0.13707 val_cee=0.10283 val_asm=0.08030
Saved best Stage1-Dehaze-ASM checkpoint (score=18.557, PSNR=15.215, SSIM=0.3343)
[S1-Dehaze-ASM][0225/1000] lr=8.86e-05 train_loss=1.8883 dehaze=0.4238 hazy=0.4826 clean=0.3833 cross=0.3832 z=0.12546 cee=0.10640 asm=0.08746 train_psnr=16.833 train_ssim=0.3355 | val_dehaze=15.010/0.3529 val_score=18.540 val_clean=18.591/0.4184 val_cross=18.595/0.4185 val_hazy_diag=13.867/0.5297 val_z=0.14111 val_cee=0.10324 val_asm=0.08252
[S1-Dehaze-ASM][0250/1000] lr=8.61e-05 train_loss=1.8668 dehaze=0.4178 hazy=0.4616 clean=0.3811 cross=0.3812 z=0.11699 cee=0.09683 asm=0.09695 train_psnr=16.662 train_ssim=0.3576 | val_dehaze=15.620/0.3602 val_score=19.222 val_clean=18.580/0.4271 val_cross=18.642/0.4267 val_hazy_diag=14.262/0.5383 val_z=0.13342 val_cee=0.10232 val_asm=0.08322
Saved best Stage1-Dehaze-ASM checkpoint (score=19.222, PSNR=15.620, SSIM=0.3602)
[S1-Dehaze-ASM][0275/1000] lr=8.33e-05 train_loss=1.8631 dehaze=0.4174 hazy=0.4861 clean=0.3803 cross=0.3794 z=0.11261 cee=0.10294 asm=0.08983 train_psnr=16.905 train_ssim=0.3469 | val_dehaze=16.198/0.3711 val_score=19.909 val_clean=18.896/0.4347 val_cross=18.955/0.4338 val_hazy_diag=12.568/0.5201 val_z=0.12584 val_cee=0.10255 val_asm=0.08299
Saved best Stage1-Dehaze-ASM checkpoint (score=19.909, PSNR=16.198, SSIM=0.3711)
[S1-Dehaze-ASM][0300/1000] lr=8.04e-05 train_loss=1.7723 dehaze=0.3984 hazy=0.4720 clean=0.3573 cross=0.3589 z=0.11390 cee=0.10132 asm=0.09661 train_psnr=17.649 train_ssim=0.3676 | val_dehaze=15.926/0.3757 val_score=19.683 val_clean=18.731/0.4414 val_cross=18.876/0.4422 val_hazy_diag=12.951/0.5057 val_z=0.12660 val_cee=0.10230 val_asm=0.07984
[S1-Dehaze-ASM][0325/1000] lr=7.73e-05 train_loss=1.7511 dehaze=0.3944 hazy=0.4791 clean=0.3525 cross=0.3529 z=0.12111 cee=0.10716 asm=0.08689 train_psnr=17.524 train_ssim=0.3750 | val_dehaze=15.537/0.3791 val_score=19.327 val_clean=18.460/0.4490 val_cross=18.529/0.4471 val_hazy_diag=12.732/0.5188 val_z=0.12429 val_cee=0.10200 val_asm=0.08495
[S1-Dehaze-ASM][0350/1000] lr=7.41e-05 train_loss=1.7896 dehaze=0.4009 hazy=0.4536 clean=0.3650 cross=0.3647 z=0.10848 cee=0.09859 asm=0.09385 train_psnr=17.129 train_ssim=0.3777 | val_dehaze=13.293/0.3614 val_score=16.907 val_clean=17.073/0.4473 val_cross=17.044/0.4439 val_hazy_diag=15.092/0.5665 val_z=0.13169 val_cee=0.10179 val_asm=0.10109
[S1-Dehaze-ASM][0375/1000] lr=7.07e-05 train_loss=1.8059 dehaze=0.4072 hazy=0.5171 clean=0.3619 cross=0.3634 z=0.11400 cee=0.10112 asm=0.09751 train_psnr=17.170 train_ssim=0.3613 | val_dehaze=15.338/0.3807 val_score=19.145 val_clean=18.595/0.4511 val_cross=18.762/0.4520 val_hazy_diag=13.298/0.5109 val_z=0.12992 val_cee=0.10104 val_asm=0.07858
[S1-Dehaze-ASM][0400/1000] lr=6.72e-05 train_loss=1.7042 dehaze=0.3850 hazy=0.4635 clean=0.3410 cross=0.3411 z=0.11423 cee=0.09758 asm=0.09360 train_psnr=17.604 train_ssim=0.4011 | val_dehaze=16.013/0.3873 val_score=19.886 val_clean=19.164/0.4646 val_cross=19.254/0.4616 val_hazy_diag=13.615/0.5379 val_z=0.12519 val_cee=0.10020 val_asm=0.08557
[S1-Dehaze-ASM][0425/1000] lr=6.36e-05 train_loss=1.7017 dehaze=0.3835 hazy=0.4777 clean=0.3414 cross=0.3429 z=0.10887 cee=0.09754 asm=0.09826 train_psnr=17.752 train_ssim=0.3950 | val_dehaze=16.189/0.3902 val_score=20.092 val_clean=18.625/0.4604 val_cross=18.797/0.4595 val_hazy_diag=12.317/0.5137 val_z=0.12463 val_cee=0.10045 val_asm=0.07691
Saved best Stage1-Dehaze-ASM checkpoint (score=20.092, PSNR=16.189, SSIM=0.3902)
[S1-Dehaze-ASM][0450/1000] lr=5.99e-05 train_loss=1.6953 dehaze=0.3818 hazy=0.4600 clean=0.3412 cross=0.3418 z=0.10776 cee=0.09928 asm=0.08533 train_psnr=17.856 train_ssim=0.3980 | val_dehaze=15.660/0.3927 val_score=19.586 val_clean=18.184/0.4556 val_cross=18.441/0.4563 val_hazy_diag=12.827/0.5316 val_z=0.12478 val_cee=0.09989 val_asm=0.07688
[S1-Dehaze-ASM][0475/1000] lr=5.62e-05 train_loss=1.7244 dehaze=0.3887 hazy=0.4539 clean=0.3468 cross=0.3472 z=0.09907 cee=0.09517 asm=0.09355 train_psnr=17.666 train_ssim=0.3867 | val_dehaze=15.784/0.3973 val_score=19.758 val_clean=19.099/0.4763 val_cross=19.242/0.4747 val_hazy_diag=13.185/0.5308 val_z=0.12173 val_cee=0.10010 val_asm=0.07840
[S1-Dehaze-ASM][0500/1000] lr=5.25e-05 train_loss=1.6867 dehaze=0.3796 hazy=0.4996 clean=0.3394 cross=0.3408 z=0.10940 cee=0.10144 asm=0.09555 train_psnr=17.946 train_ssim=0.3971 | val_dehaze=15.432/0.3992 val_score=19.424 val_clean=19.233/0.4872 val_cross=19.220/0.4801 val_hazy_diag=13.915/0.5677 val_z=0.12393 val_cee=0.09962 val_asm=0.08477
[S1-Dehaze-ASM][0525/1000] lr=4.88e-05 train_loss=1.7099 dehaze=0.3809 hazy=0.4643 clean=0.3525 cross=0.3527 z=0.09599 cee=0.09350 asm=0.09296 train_psnr=17.830 train_ssim=0.4006 | val_dehaze=15.353/0.4023 val_score=19.375 val_clean=19.564/0.4895 val_cross=19.624/0.4836 val_hazy_diag=14.239/0.5777 val_z=0.12470 val_cee=0.09930 val_asm=0.08459
[S1-Dehaze-ASM][0550/1000] lr=4.51e-05 train_loss=1.6904 dehaze=0.3795 hazy=0.4787 clean=0.3429 cross=0.3429 z=0.10634 cee=0.09715 asm=0.09238 train_psnr=17.973 train_ssim=0.3947 | val_dehaze=15.449/0.4017 val_score=19.466 val_clean=19.448/0.4885 val_cross=19.561/0.4865 val_hazy_diag=13.595/0.5487 val_z=0.12160 val_cee=0.09823 val_asm=0.08235
[S1-Dehaze-ASM][0575/1000] lr=4.14e-05 train_loss=1.6748 dehaze=0.3766 hazy=0.4885 clean=0.3379 cross=0.3389 z=0.10449 cee=0.09684 asm=0.09864 train_psnr=18.225 train_ssim=0.3982 | val_dehaze=15.181/0.3986 val_score=19.167 val_clean=18.774/0.4800 val_cross=18.883/0.4757 val_hazy_diag=12.918/0.5349 val_z=0.12425 val_cee=0.09812 val_asm=0.08117
[S1-Dehaze-ASM][0600/1000] lr=3.78e-05 train_loss=1.6003 dehaze=0.3599 hazy=0.4723 clean=0.3233 cross=0.3235 z=0.10203 cee=0.09535 asm=0.09452 train_psnr=18.374 train_ssim=0.4295 | val_dehaze=15.232/0.4029 val_score=19.261 val_clean=19.534/0.4956 val_cross=19.507/0.4889 val_hazy_diag=14.356/0.5759 val_z=0.11934 val_cee=0.09769 val_asm=0.08623
[S1-Dehaze-ASM][0625/1000] lr=3.43e-05 train_loss=1.6315 dehaze=0.3651 hazy=0.4603 clean=0.3333 cross=0.3333 z=0.09313 cee=0.09012 asm=0.09475 train_psnr=18.173 train_ssim=0.4234 | val_dehaze=15.230/0.4043 val_score=19.273 val_clean=19.589/0.4981 val_cross=19.638/0.4928 val_hazy_diag=14.134/0.5631 val_z=0.11838 val_cee=0.09698 val_asm=0.08080
[S1-Dehaze-ASM][0650/1000] lr=3.09e-05 train_loss=1.6810 dehaze=0.3774 hazy=0.4813 clean=0.3401 cross=0.3414 z=0.10294 cee=0.09458 asm=0.09604 train_psnr=18.023 train_ssim=0.3974 | val_dehaze=15.220/0.4023 val_score=19.244 val_clean=19.368/0.4971 val_cross=19.400/0.4909 val_hazy_diag=13.748/0.5563 val_z=0.12005 val_cee=0.09629 val_asm=0.08758
[S1-Dehaze-ASM][0675/1000] lr=2.77e-05 train_loss=1.6664 dehaze=0.3746 hazy=0.4865 clean=0.3359 cross=0.3377 z=0.09854 cee=0.09518 asm=0.09169 train_psnr=18.204 train_ssim=0.4006 | val_dehaze=15.739/0.4080 val_score=19.819 val_clean=19.363/0.4962 val_cross=19.549/0.4917 val_hazy_diag=13.030/0.5496 val_z=0.11276 val_cee=0.09570 val_asm=0.08020
[S1-Dehaze-ASM][0700/1000] lr=2.46e-05 train_loss=1.6074 dehaze=0.3605 hazy=0.4815 clean=0.3254 cross=0.3274 z=0.09863 cee=0.09428 asm=0.09396 train_psnr=18.714 train_ssim=0.4148 | val_dehaze=15.569/0.4094 val_score=19.663 val_clean=19.622/0.5021 val_cross=19.758/0.4964 val_hazy_diag=13.743/0.5741 val_z=0.11548 val_cee=0.09523 val_asm=0.08081
[S1-Dehaze-ASM][0725/1000] lr=2.17e-05 train_loss=1.5911 dehaze=0.3582 hazy=0.4973 clean=0.3202 cross=0.3211 z=0.09964 cee=0.09465 asm=0.09991 train_psnr=18.731 train_ssim=0.4219 | val_dehaze=14.841/0.4074 val_score=18.915 val_clean=19.298/0.5071 val_cross=19.286/0.4999 val_hazy_diag=14.627/0.5861 val_z=0.11503 val_cee=0.09485 val_asm=0.08694
[S1-Dehaze-ASM][0750/1000] lr=1.89e-05 train_loss=1.6359 dehaze=0.3666 hazy=0.4782 clean=0.3318 cross=0.3337 z=0.09383 cee=0.09232 asm=0.09247 train_psnr=18.403 train_ssim=0.4118 | val_dehaze=15.514/0.4109 val_score=19.623 val_clean=19.519/0.5046 val_cross=19.600/0.4991 val_hazy_diag=13.532/0.5516 val_z=0.11149 val_cee=0.09437 val_asm=0.08376
[S1-Dehaze-ASM][0775/1000] lr=1.64e-05 train_loss=1.5735 dehaze=0.3528 hazy=0.4525 clean=0.3193 cross=0.3206 z=0.08920 cee=0.08971 asm=0.09277 train_psnr=18.862 train_ssim=0.4314 | val_dehaze=15.153/0.4083 val_score=19.236 val_clean=19.630/0.5069 val_cross=19.727/0.5005 val_hazy_diag=13.843/0.5739 val_z=0.11379 val_cee=0.09401 val_asm=0.08433
[S1-Dehaze-ASM][0800/1000] lr=1.41e-05 train_loss=1.6497 dehaze=0.3701 hazy=0.4642 clean=0.3345 cross=0.3356 z=0.09463 cee=0.09072 asm=0.08918 train_psnr=18.429 train_ssim=0.4067 | val_dehaze=15.271/0.4095 val_score=19.366 val_clean=19.684/0.5089 val_cross=19.751/0.5020 val_hazy_diag=14.039/0.5794 val_z=0.11227 val_cee=0.09371 val_asm=0.08486
[S1-Dehaze-ASM][0825/1000] lr=1.20e-05 train_loss=1.6059 dehaze=0.3623 hazy=0.4782 clean=0.3215 cross=0.3229 z=0.09619 cee=0.09147 asm=0.09330 train_psnr=18.304 train_ssim=0.4206 | val_dehaze=15.498/0.4112 val_score=19.610 val_clean=19.775/0.5082 val_cross=19.909/0.5023 val_hazy_diag=14.132/0.5827 val_z=0.11227 val_cee=0.09333 val_asm=0.08120
[S1-Dehaze-ASM][0850/1000] lr=1.02e-05 train_loss=1.5631 dehaze=0.3525 hazy=0.4861 clean=0.3130 cross=0.3147 z=0.09686 cee=0.09343 asm=0.09639 train_psnr=19.032 train_ssim=0.4277 | val_dehaze=15.220/0.4108 val_score=19.328 val_clean=19.722/0.5094 val_cross=19.844/0.5041 val_hazy_diag=14.113/0.5792 val_z=0.11152 val_cee=0.09304 val_asm=0.08212
[S1-Dehaze-ASM][0875/1000] lr=8.62e-06 train_loss=1.5831 dehaze=0.3543 hazy=0.4699 clean=0.3225 cross=0.3238 z=0.09061 cee=0.09043 asm=0.09532 train_psnr=18.745 train_ssim=0.4285 | val_dehaze=15.087/0.4083 val_score=19.169 val_clean=19.499/0.5078 val_cross=19.591/0.5029 val_hazy_diag=13.790/0.5583 val_z=0.11016 val_cee=0.09275 val_asm=0.08415
[S1-Dehaze-ASM][0900/1000] lr=7.32e-06 train_loss=1.5844 dehaze=0.3562 hazy=0.4948 clean=0.3191 cross=0.3210 z=0.09390 cee=0.09202 asm=0.09989 train_psnr=18.724 train_ssim=0.4235 | val_dehaze=15.296/0.4124 val_score=19.420 val_clean=19.628/0.5113 val_cross=19.705/0.5056 val_hazy_diag=13.949/0.5662 val_z=0.10834 val_cee=0.09247 val_asm=0.08493
[S1-Dehaze-ASM][0925/1000] lr=6.31e-06 train_loss=1.5707 dehaze=0.3529 hazy=0.4977 clean=0.3172 cross=0.3185 z=0.09307 cee=0.09129 asm=0.09320 train_psnr=18.701 train_ssim=0.4336 | val_dehaze=15.121/0.4112 val_score=19.233 val_clean=19.759/0.5123 val_cross=19.843/0.5062 val_hazy_diag=14.326/0.5824 val_z=0.10978 val_cee=0.09222 val_asm=0.08350
[S1-Dehaze-ASM][0950/1000] lr=5.58e-06 train_loss=1.5182 dehaze=0.3414 hazy=0.4762 clean=0.3059 cross=0.3072 z=0.09335 cee=0.09107 asm=0.10036 train_psnr=18.999 train_ssim=0.4456 | val_dehaze=15.276/0.4116 val_score=19.391 val_clean=19.710/0.5130 val_cross=19.780/0.5067 val_hazy_diag=14.055/0.5725 val_z=0.10747 val_cee=0.09194 val_asm=0.08453
[S1-Dehaze-ASM][0975/1000] lr=5.15e-06 train_loss=1.5669 dehaze=0.3524 hazy=0.4685 clean=0.3161 cross=0.3171 z=0.08963 cee=0.08942 asm=0.09284 train_psnr=18.710 train_ssim=0.4363 | val_dehaze=15.273/0.4124 val_score=19.397 val_clean=19.777/0.5128 val_cross=19.906/0.5061 val_hazy_diag=14.067/0.5838 val_z=0.10938 val_cee=0.09181 val_asm=0.08248
[S1-Dehaze-ASM][1000/1000] lr=5.00e-06 train_loss=1.5794 dehaze=0.3548 hazy=0.4785 clean=0.3195 cross=0.3205 z=0.08802 cee=0.08744 asm=0.09720 train_psnr=18.841 train_ssim=0.4262 | val_dehaze=15.365/0.4136 val_score=19.501 val_clean=19.820/0.5140 val_cross=19.913/0.5072 val_hazy_diag=14.224/0.5825 val_z=0.10681 val_cee=0.09156 val_asm=0.08257
Best Stage1-Dehaze-ASM: score=20.092, PSNR=16.189, SSIM=0.3902
